******************************************************************************
          TMS320C6x COFF Linker PC v5.1.0                      
******************************************************************************
>> Linked Sat Mar 18 01:02:30 2017

OUTPUT FILE NAME:   <./Debug/deltamod.out>
ENTRY POINT SYMBOL: "_c_int00"  address: 80002120


MEMORY CONFIGURATION

                  name            origin    length      used    attr    fill
         ----------------------  --------  ---------  --------  ----  --------
         VECS                    00000000   00000200  00000000  RWIX
         PMEM                    00000200   0000fe00  00000000  RWIX
         BMEM                    80000000   01000000  00003c8e  RWIX


SECTION ALLOCATION MAP

 output                                  attributes/
section   page    origin      length       input sections
--------  ----  ----------  ----------   ----------------
.rtdx_text 
*          0    80000000    00000000     UNINITIALIZED

.bss       0    80000000    00000000     UNINITIALIZED

.cio       0    80000000    00000000     UNINITIALIZED

.data      0    80000000    00000000     UNINITIALIZED

.rtdx_data 
*          0    80000000    00000000     UNINITIALIZED

.switch    0    80000000    00000000     UNINITIALIZED

.sysmem    0    80000000    00000000     UNINITIALIZED

.text      0    80000000    000023c0     
                  80000000    000008a0     c6713dskinit.obj (.text)
                  800008a0    00000480     dsk6713bsl.lib : dsk6713.obj (.text)
                  80000d20    00000320                    : dsk6713_aic23_opencodec.obj (.text)
                  80001040    00000280     deltamod.obj (.text)
                  800012c0    00000240     rts6700.lib : memcpy62.obj (.text:_memcpy)
                  80001500    000001c0     csl6713.lib : csl_irq.obj (.text:_IRQ_map)
                  800016c0    000001a0                 : csl_mcbsp.obj (.text:_MCBSP_reset)
                  80001860    00000160     dsk6713bsl.lib : dsk6713_aic23_registers.obj (.text)
                  800019c0    00000140     rts6700.lib : exit.obj (.text:_exit)
                  80001b00    00000140                 : autoinit.obj (.text:__auto_init)
                  80001c40    00000100     csl6713.lib : csl_mcbsp.obj (.text:_MCBSP_start)
                  80001d40    00000100                 : csl_mcbsp.obj (.text:_MCBSP_open)
                  80001e40    000000e0     rts6700.lib : strasg.obj (.text:__strasg)
                  80001f20    000000c0     dsk6713bsl.lib : dsk6713_aic23_setfreq.obj (.text)
                  80001fe0    000000a0     csl6713.lib : csl_mcbsp.obj (.text:_MCBSP_config)
                  80002080    000000a0                 : csl_irq.obj (.text:_setMux)
                  80002120    00000080     rts6700.lib : boot.obj (.text:_c_int00)
                  800021a0    00000040     csl6713.lib : csl_irq.obj (.text:_IRQ_reset)
                  800021e0    00000040                 : csl_irq.obj (.text:_IRQ_enable)
                  80002220    00000040     rts6700.lib : args_main.obj (.text:__args_main)
                  80002260    00000020     csl6713.lib : csl_mcbsp.obj (.text:_MCBSP_getXmtEventId)
                  80002280    00000020                 : csl_mcbsp.obj (.text:_MCBSP_write)
                  800022a0    00000020     rts6700.lib : exit.obj (.text:_abort)
                  800022c0    00000020                 : _lock.obj (.text:__nop)
                  800022e0    00000020     csl6713.lib : csl_irq.obj (.text)
                  80002300    00000020                 : csl_irq.obj (.text:_IRQ_globalEnable)
                  80002320    00000020                 : csl_mcbsp.obj (.text:_MCBSP_xrdy)
                  80002340    00000020                 : csl_irq.obj (.text:_IRQ_nmiEnable)
                  80002360    00000020                 : csl_irq.obj (.text:_IRQ_globalDisable)
                  80002380    00000020                 : csl_mcbsp.obj (.text:_MCBSP_read)
                  800023a0    00000020                 : csl_mcbsp.obj (.text:_MCBSP_rrdy)

.stack     0    800023c0    00001000     UNINITIALIZED
                  800023c0    00000008     rts6700.lib : boot.obj (.stack)

.far       0    800033c0    000004fa     UNINITIALIZED
                  800033c0    00000290     deltamod.obj (.far)
                  80003650    000000f4     csl6713.lib : csl_irq.obj (.far)
                  80003744    0000008c     rts6700.lib : exit.obj (.far)
                  800037d0    00000058     c6713dskinit.obj (.far)
                  80003828    00000038     csl6713.lib : csl_mcbsp.obj (.far)
                  80003860    00000028     dsk6713bsl.lib : dsk6713_aic23_registers.obj (.far)
                  80003888    00000020                    : dsk6713_aic23_setfreq.obj (.far)
                  800038a8    00000008                    : dsk6713_aic23_opencodec.obj (.far)
                  800038b0    00000008     rts6700.lib : _lock.obj (.far)
                  800038b8    00000002     dsk6713bsl.lib : dsk6713.obj (.far)

.cinit     0    800038c0    00000374     
                  800038c0    0000012c     csl6713.lib : csl_irq.obj (.cinit)
                  800039ec    00000004     --HOLE-- [fill = 0]
                  800039f0    000000e4     deltamod.obj (.cinit)
                  80003ad4    00000004     --HOLE-- [fill = 0]
                  80003ad8    00000058     c6713dskinit.obj (.cinit)
                  80003b30    00000054     csl6713.lib : csl_mcbsp.obj (.cinit)
                  80003b84    00000004     --HOLE-- [fill = 0]
                  80003b88    00000030     dsk6713bsl.lib : dsk6713_aic23_registers.obj (.cinit)
                  80003bb8    0000002c     rts6700.lib : exit.obj (.cinit)
                  80003be4    00000004     --HOLE-- [fill = 0]
                  80003be8    00000028     dsk6713bsl.lib : dsk6713_aic23_setfreq.obj (.cinit)
                  80003c10    0000001c     rts6700.lib : _lock.obj (.cinit)
                  80003c2c    00000008     --HOLE-- [fill = 0]

.const     0    80003c34    00000060     
                  80003c34    00000040     dsk6713bsl.lib : dsk6713_aic23_opencodec.obj (.const)
                  80003c74    00000020                    : dsk6713.obj (.const)

.intvecs   0    00000000    00000000     UNINITIALIZED

.pinit     0    00000200    00000000     UNINITIALIZED


GLOBAL SYMBOLS: SORTED ALPHABETICALLY BY Name 

address    name
--------   ----
80000000   $bss
80000000   .bss
80000000   .data
80000000   .text
800022a0   C$$EXIT
800037dc   _AIC23CfgData
800037d0   _AIC_data
800038a8   _DSK6713_AIC23_codeccontrolhandle
800038ac   _DSK6713_AIC23_codecdatahandle
80001920   _DSK6713_AIC23_config
80000d20   _DSK6713_AIC23_openCodec
800018fc   _DSK6713_AIC23_rget
80001860   _DSK6713_AIC23_rset
80001f20   _DSK6713_AIC23_setFreq
80000cb4   _DSK6713_getVersion
800008ec   _DSK6713_init
80000c08   _DSK6713_rget
80000c1c   _DSK6713_rset
800038b8   _DSK6713_version
80000c30   _DSK6713_wait
80000c88   _DSK6713_waitusec
00000000   _HWI_Cache_Control
800021e0   _IRQ_enable
80002360   _IRQ_globalDisable
80002300   _IRQ_globalEnable
80001500   _IRQ_map
80002340   _IRQ_nmiEnable
800021a0   _IRQ_reset
80001fe0   _MCBSP_config
80002260   _MCBSP_getXmtEventId
80001d40   _MCBSP_open
80002380   _MCBSP_read
800016c0   _MCBSP_reset
800023a0   _MCBSP_rrdy
80001c40   _MCBSP_start
80002280   _MCBSP_write
80002320   _MCBSP_xrdy
ffffe7f7   _RTDX_interrupt_mask
8000373c   __IRQ_dispatchTable
80003678   __IRQ_eventTable
800022e0   __IRQ_hookFetchPacket
800036fc   __IRQ_intTable
80003858   __MCBSP_hDev0
8000385c   __MCBSP_hDev1
00001000   __STACK_SIZE
ffffffff   ___binit__
80000000   ___bss__
ffffffff   ___c_args__
800038c0   ___cinit__
80000000   ___data__
80000000   ___edata__
80000000   ___end__
800023c0   ___etext__
ffffffff   ___pinit__
80000000   ___text__
80002220   __args_main
80001b00   __auto_init
800037c8   __cleanup_ptr
800037cc   __dtors_ptr
800038b0   __lock
800022c0   __nop
800023c0   __stack
80001e40   __strasg
800038b4   __unlock
UNDEFED __vectors
800022a0   _abort
UNDEFED _auto_init
80000000   _c6713_dsk_init
80002120   _c_int00
800033c8   _car1
80003468   _car2
8000013c   _comm_intr
80000100   _comm_poll
800037fc   _config
8000350c   _d
800019c0   _exit
800033c0   _fs
80003824   _hAIC23_handle
80003508   _i
800006d8   _input_left_sample
800007b0   _input_right_sample
800005b4   _input_sample
800033c4   _inputsource
80001040   _main
800012c0   _memcpy
800003c4   _output_left_sample
800004bc   _output_right_sample
80000280   _output_sample
8000364c   _step
800035ac   _x
ffffffff   binit
800038c0   cinit
80000000   edata
80000000   end
800023c0   etext
ffffffff   pinit


GLOBAL SYMBOLS: SORTED BY Symbol Address 

address    name
--------   ----
00000000   _HWI_Cache_Control
00001000   __STACK_SIZE
80000000   edata
80000000   ___data__
80000000   $bss
80000000   ___bss__
80000000   ___edata__
80000000   .bss
80000000   ___text__
80000000   ___end__
80000000   end
80000000   .data
80000000   _c6713_dsk_init
80000000   .text
80000100   _comm_poll
8000013c   _comm_intr
80000280   _output_sample
800003c4   _output_left_sample
800004bc   _output_right_sample
800005b4   _input_sample
800006d8   _input_left_sample
800007b0   _input_right_sample
800008ec   _DSK6713_init
80000c08   _DSK6713_rget
80000c1c   _DSK6713_rset
80000c30   _DSK6713_wait
80000c88   _DSK6713_waitusec
80000cb4   _DSK6713_getVersion
80000d20   _DSK6713_AIC23_openCodec
80001040   _main
800012c0   _memcpy
80001500   _IRQ_map
800016c0   _MCBSP_reset
80001860   _DSK6713_AIC23_rset
800018fc   _DSK6713_AIC23_rget
80001920   _DSK6713_AIC23_config
800019c0   _exit
80001b00   __auto_init
80001c40   _MCBSP_start
80001d40   _MCBSP_open
80001e40   __strasg
80001f20   _DSK6713_AIC23_setFreq
80001fe0   _MCBSP_config
80002120   _c_int00
800021a0   _IRQ_reset
800021e0   _IRQ_enable
80002220   __args_main
80002260   _MCBSP_getXmtEventId
80002280   _MCBSP_write
800022a0   _abort
800022a0   C$$EXIT
800022c0   __nop
800022e0   __IRQ_hookFetchPacket
80002300   _IRQ_globalEnable
80002320   _MCBSP_xrdy
80002340   _IRQ_nmiEnable
80002360   _IRQ_globalDisable
80002380   _MCBSP_read
800023a0   _MCBSP_rrdy
800023c0   __stack
800023c0   etext
800023c0   ___etext__
800033c0   _fs
800033c4   _inputsource
800033c8   _car1
80003468   _car2
80003508   _i
8000350c   _d
800035ac   _x
8000364c   _step
80003678   __IRQ_eventTable
800036fc   __IRQ_intTable
8000373c   __IRQ_dispatchTable
800037c8   __cleanup_ptr
800037cc   __dtors_ptr
800037d0   _AIC_data
800037dc   _AIC23CfgData
800037fc   _config
80003824   _hAIC23_handle
80003858   __MCBSP_hDev0
8000385c   __MCBSP_hDev1
800038a8   _DSK6713_AIC23_codeccontrolhandle
800038ac   _DSK6713_AIC23_codecdatahandle
800038b0   __lock
800038b4   __unlock
800038b8   _DSK6713_version
800038c0   ___cinit__
800038c0   cinit
ffffe7f7   _RTDX_interrupt_mask
ffffffff   pinit
ffffffff   binit
ffffffff   ___c_args__
ffffffff   ___binit__
ffffffff   ___pinit__
UNDEFED _auto_init
UNDEFED __vectors

[96 symbols]
