******************************************************************************
          TMS320C6x COFF Linker PC v5.1.0                      
******************************************************************************
>> Linked Sat Mar 18 00:52:59 2017

OUTPUT FILE NAME:   <./Debug/dpsk.out>
ENTRY POINT SYMBOL: "_c_int00"  address: 800021e0


MEMORY CONFIGURATION

                  name            origin    length      used    attr    fill
         ----------------------  --------  ---------  --------  ----  --------
         VECS                    00000000   00000200  00000000  RWIX
         PMEM                    00000200   0000fe00  00000000  RWIX
         BMEM                    80000000   01000000  00003c4e  RWIX


SECTION ALLOCATION MAP

 output                                  attributes/
section   page    origin      length       input sections
--------  ----  ----------  ----------   ----------------
.rtdx_text 
*          0    80000000    00000000     UNINITIALIZED

.bss       0    80000000    00000000     UNINITIALIZED

.cio       0    80000000    00000000     UNINITIALIZED

.data      0    80000000    00000000     UNINITIALIZED

.rtdx_data 
*          0    80000000    00000000     UNINITIALIZED

.switch    0    80000000    00000000     UNINITIALIZED

.sysmem    0    80000000    00000000     UNINITIALIZED

.text      0    80000000    00002480     
                  80000000    000008a0     c6713dskinit.obj (.text)
                  800008a0    00000480     dsk6713bsl.lib : dsk6713.obj (.text)
                  80000d20    00000340     dpsk.obj (.text)
                  80001060    00000320     dsk6713bsl.lib : dsk6713_aic23_opencodec.obj (.text)
                  80001380    00000240     rts6700.lib : memcpy62.obj (.text:_memcpy)
                  800015c0    000001c0     csl6713.lib : csl_irq.obj (.text:_IRQ_map)
                  80001780    000001a0                 : csl_mcbsp.obj (.text:_MCBSP_reset)
                  80001920    00000160     dsk6713bsl.lib : dsk6713_aic23_registers.obj (.text)
                  80001a80    00000140     rts6700.lib : exit.obj (.text:_exit)
                  80001bc0    00000140                 : autoinit.obj (.text:__auto_init)
                  80001d00    00000100     csl6713.lib : csl_mcbsp.obj (.text:_MCBSP_start)
                  80001e00    00000100                 : csl_mcbsp.obj (.text:_MCBSP_open)
                  80001f00    000000e0     rts6700.lib : strasg.obj (.text:__strasg)
                  80001fe0    000000c0     dsk6713bsl.lib : dsk6713_aic23_setfreq.obj (.text)
                  800020a0    000000a0     csl6713.lib : csl_mcbsp.obj (.text:_MCBSP_config)
                  80002140    000000a0                 : csl_irq.obj (.text:_setMux)
                  800021e0    00000080     rts6700.lib : boot.obj (.text:_c_int00)
                  80002260    00000040     csl6713.lib : csl_irq.obj (.text:_IRQ_reset)
                  800022a0    00000040                 : csl_irq.obj (.text:_IRQ_enable)
                  800022e0    00000040     rts6700.lib : args_main.obj (.text:__args_main)
                  80002320    00000020     csl6713.lib : csl_mcbsp.obj (.text:_MCBSP_getXmtEventId)
                  80002340    00000020                 : csl_mcbsp.obj (.text:_MCBSP_write)
                  80002360    00000020     rts6700.lib : exit.obj (.text:_abort)
                  80002380    00000020                 : _lock.obj (.text:__nop)
                  800023a0    00000020     csl6713.lib : csl_irq.obj (.text)
                  800023c0    00000020                 : csl_irq.obj (.text:_IRQ_globalEnable)
                  800023e0    00000020                 : csl_mcbsp.obj (.text:_MCBSP_xrdy)
                  80002400    00000020                 : csl_irq.obj (.text:_IRQ_nmiEnable)
                  80002420    00000020                 : csl_irq.obj (.text:_IRQ_globalDisable)
                  80002440    00000020                 : csl_mcbsp.obj (.text:_MCBSP_read)
                  80002460    00000020                 : csl_mcbsp.obj (.text:_MCBSP_rrdy)

.stack     0    80002480    00001000     UNINITIALIZED
                  80002480    00000008     rts6700.lib : boot.obj (.stack)

.far       0    80003480    0000042a     UNINITIALIZED
                  80003480    000001c0     dpsk.obj (.far)
                  80003640    000000f4     csl6713.lib : csl_irq.obj (.far)
                  80003734    0000008c     rts6700.lib : exit.obj (.far)
                  800037c0    00000058     c6713dskinit.obj (.far)
                  80003818    00000038     csl6713.lib : csl_mcbsp.obj (.far)
                  80003850    00000028     dsk6713bsl.lib : dsk6713_aic23_registers.obj (.far)
                  80003878    00000020                    : dsk6713_aic23_setfreq.obj (.far)
                  80003898    00000008                    : dsk6713_aic23_opencodec.obj (.far)
                  800038a0    00000008     rts6700.lib : _lock.obj (.far)
                  800038a8    00000002     dsk6713bsl.lib : dsk6713.obj (.far)

.cinit     0    800038b0    00000344     
                  800038b0    0000012c     csl6713.lib : csl_irq.obj (.cinit)
                  800039dc    00000004     --HOLE-- [fill = 0]
                  800039e0    000000b8     dpsk.obj (.cinit)
                  80003a98    00000058     c6713dskinit.obj (.cinit)
                  80003af0    00000054     csl6713.lib : csl_mcbsp.obj (.cinit)
                  80003b44    00000004     --HOLE-- [fill = 0]
                  80003b48    00000030     dsk6713bsl.lib : dsk6713_aic23_registers.obj (.cinit)
                  80003b78    0000002c     rts6700.lib : exit.obj (.cinit)
                  80003ba4    00000004     --HOLE-- [fill = 0]
                  80003ba8    00000028     dsk6713bsl.lib : dsk6713_aic23_setfreq.obj (.cinit)
                  80003bd0    0000001c     rts6700.lib : _lock.obj (.cinit)
                  80003bec    00000008     --HOLE-- [fill = 0]

.const     0    80003bf4    00000060     
                  80003bf4    00000040     dsk6713bsl.lib : dsk6713_aic23_opencodec.obj (.const)
                  80003c34    00000020                    : dsk6713.obj (.const)

.intvecs   0    00000000    00000000     UNINITIALIZED

.pinit     0    00000200    00000000     UNINITIALIZED


GLOBAL SYMBOLS: SORTED ALPHABETICALLY BY Name 

address    name
--------   ----
80000000   $bss
80000000   .bss
80000000   .data
80000000   .text
80002360   C$$EXIT
800037cc   _AIC23CfgData
800037c0   _AIC_data
80003898   _DSK6713_AIC23_codeccontrolhandle
8000389c   _DSK6713_AIC23_codecdatahandle
800019e0   _DSK6713_AIC23_config
80001060   _DSK6713_AIC23_openCodec
800019bc   _DSK6713_AIC23_rget
80001920   _DSK6713_AIC23_rset
80001fe0   _DSK6713_AIC23_setFreq
80000cb4   _DSK6713_getVersion
800008ec   _DSK6713_init
80000c08   _DSK6713_rget
80000c1c   _DSK6713_rset
800038a8   _DSK6713_version
80000c30   _DSK6713_wait
80000c88   _DSK6713_waitusec
00000000   _HWI_Cache_Control
800022a0   _IRQ_enable
80002420   _IRQ_globalDisable
800023c0   _IRQ_globalEnable
800015c0   _IRQ_map
80002400   _IRQ_nmiEnable
80002260   _IRQ_reset
800020a0   _MCBSP_config
80002320   _MCBSP_getXmtEventId
80001e00   _MCBSP_open
80002440   _MCBSP_read
80001780   _MCBSP_reset
80002460   _MCBSP_rrdy
80001d00   _MCBSP_start
80002340   _MCBSP_write
800023e0   _MCBSP_xrdy
ffffe7f7   _RTDX_interrupt_mask
8000372c   __IRQ_dispatchTable
80003668   __IRQ_eventTable
800023a0   __IRQ_hookFetchPacket
800036ec   __IRQ_intTable
80003848   __MCBSP_hDev0
8000384c   __MCBSP_hDev1
00001000   __STACK_SIZE
ffffffff   ___binit__
80000000   ___bss__
ffffffff   ___c_args__
800038b0   ___cinit__
80000000   ___data__
80000000   ___edata__
80000000   ___end__
80002480   ___etext__
ffffffff   ___pinit__
80000000   ___text__
800022e0   __args_main
80001bc0   __auto_init
800037b8   __cleanup_ptr
800037bc   __dtors_ptr
800038a0   __lock
80002380   __nop
80002480   __stack
80001f00   __strasg
800038a4   __unlock
UNDEFED __vectors
80002360   _abort
UNDEFED _auto_init
80000000   _c6713_dsk_init
800021e0   _c_int00
80003488   _car1
800034a8   _car2
8000013c   _comm_intr
80000100   _comm_poll
800037ec   _config
8000361c   _d
80001a80   _exit
80003480   _fs
80003814   _hAIC23_handle
800034cc   _i
800006d8   _input_left_sample
800007b0   _input_right_sample
800005b4   _input_sample
80003484   _inputsource
800034d0   _j
800034d4   _k
800034c8   _l
80000d20   _main
80001380   _memcpy
800034dc   _msg
800034d8   _n
800034fc   _output
800003c4   _output_left_sample
800004bc   _output_right_sample
80000280   _output_sample
ffffffff   binit
800038b0   cinit
80000000   edata
80000000   end
80002480   etext
ffffffff   pinit


GLOBAL SYMBOLS: SORTED BY Symbol Address 

address    name
--------   ----
00000000   _HWI_Cache_Control
00001000   __STACK_SIZE
80000000   ___edata__
80000000   ___data__
80000000   ___bss__
80000000   edata
80000000   end
80000000   _c6713_dsk_init
80000000   ___end__
80000000   ___text__
80000000   .data
80000000   .text
80000000   $bss
80000000   .bss
80000100   _comm_poll
8000013c   _comm_intr
80000280   _output_sample
800003c4   _output_left_sample
800004bc   _output_right_sample
800005b4   _input_sample
800006d8   _input_left_sample
800007b0   _input_right_sample
800008ec   _DSK6713_init
80000c08   _DSK6713_rget
80000c1c   _DSK6713_rset
80000c30   _DSK6713_wait
80000c88   _DSK6713_waitusec
80000cb4   _DSK6713_getVersion
80000d20   _main
80001060   _DSK6713_AIC23_openCodec
80001380   _memcpy
800015c0   _IRQ_map
80001780   _MCBSP_reset
80001920   _DSK6713_AIC23_rset
800019bc   _DSK6713_AIC23_rget
800019e0   _DSK6713_AIC23_config
80001a80   _exit
80001bc0   __auto_init
80001d00   _MCBSP_start
80001e00   _MCBSP_open
80001f00   __strasg
80001fe0   _DSK6713_AIC23_setFreq
800020a0   _MCBSP_config
800021e0   _c_int00
80002260   _IRQ_reset
800022a0   _IRQ_enable
800022e0   __args_main
80002320   _MCBSP_getXmtEventId
80002340   _MCBSP_write
80002360   C$$EXIT
80002360   _abort
80002380   __nop
800023a0   __IRQ_hookFetchPacket
800023c0   _IRQ_globalEnable
800023e0   _MCBSP_xrdy
80002400   _IRQ_nmiEnable
80002420   _IRQ_globalDisable
80002440   _MCBSP_read
80002460   _MCBSP_rrdy
80002480   __stack
80002480   ___etext__
80002480   etext
80003480   _fs
80003484   _inputsource
80003488   _car1
800034a8   _car2
800034c8   _l
800034cc   _i
800034d0   _j
800034d4   _k
800034d8   _n
800034dc   _msg
800034fc   _output
8000361c   _d
80003668   __IRQ_eventTable
800036ec   __IRQ_intTable
8000372c   __IRQ_dispatchTable
800037b8   __cleanup_ptr
800037bc   __dtors_ptr
800037c0   _AIC_data
800037cc   _AIC23CfgData
800037ec   _config
80003814   _hAIC23_handle
80003848   __MCBSP_hDev0
8000384c   __MCBSP_hDev1
80003898   _DSK6713_AIC23_codeccontrolhandle
8000389c   _DSK6713_AIC23_codecdatahandle
800038a0   __lock
800038a4   __unlock
800038a8   _DSK6713_version
800038b0   cinit
800038b0   ___cinit__
ffffe7f7   _RTDX_interrupt_mask
ffffffff   pinit
UNDEFED _auto_init
ffffffff   ___c_args__
ffffffff   ___binit__
ffffffff   ___pinit__
ffffffff   binit
UNDEFED __vectors

[100 symbols]
