******************************************************************************
          TMS320C6x COFF Linker PC v5.1.0                      
******************************************************************************
>> Linked Sat Mar 18 00:52:07 2017

OUTPUT FILE NAME:   <./Debug/qpsk.out>
ENTRY POINT SYMBOL: "_c_int00"  address: 800025a0


MEMORY CONFIGURATION

                  name            origin    length      used    attr    fill
         ----------------------  --------  ---------  --------  ----  --------
         VECS                    00000000   00000200  00000000  RWIX
         PMEM                    00000200   0000fe00  00000000  RWIX
         BMEM                    80000000   01000000  00004016  RWIX


SECTION ALLOCATION MAP

 output                                  attributes/
section   page    origin      length       input sections
--------  ----  ----------  ----------   ----------------
.rtdx_text 
*          0    80000000    00000000     UNINITIALIZED

.bss       0    80000000    00000000     UNINITIALIZED

.cio       0    80000000    00000000     UNINITIALIZED

.data      0    80000000    00000000     UNINITIALIZED

.rtdx_data 
*          0    80000000    00000000     UNINITIALIZED

.switch    0    80000000    00000000     UNINITIALIZED

.sysmem    0    80000000    00000000     UNINITIALIZED

.text      0    80000000    00002840     
                  80000000    000008a0     c6713dskinit.obj (.text)
                  800008a0    00000700     qpsk.obj (.text)
                  80000fa0    00000480     dsk6713bsl.lib : dsk6713.obj (.text)
                  80001420    00000320                    : dsk6713_aic23_opencodec.obj (.text)
                  80001740    00000240     rts6700.lib : memcpy62.obj (.text:_memcpy)
                  80001980    000001c0     csl6713.lib : csl_irq.obj (.text:_IRQ_map)
                  80001b40    000001a0                 : csl_mcbsp.obj (.text:_MCBSP_reset)
                  80001ce0    00000160     dsk6713bsl.lib : dsk6713_aic23_registers.obj (.text)
                  80001e40    00000140     rts6700.lib : exit.obj (.text:_exit)
                  80001f80    00000140                 : autoinit.obj (.text:__auto_init)
                  800020c0    00000100     csl6713.lib : csl_mcbsp.obj (.text:_MCBSP_start)
                  800021c0    00000100                 : csl_mcbsp.obj (.text:_MCBSP_open)
                  800022c0    000000e0     rts6700.lib : strasg.obj (.text:__strasg)
                  800023a0    000000c0     dsk6713bsl.lib : dsk6713_aic23_setfreq.obj (.text)
                  80002460    000000a0     csl6713.lib : csl_mcbsp.obj (.text:_MCBSP_config)
                  80002500    000000a0                 : csl_irq.obj (.text:_setMux)
                  800025a0    00000080     rts6700.lib : boot.obj (.text:_c_int00)
                  80002620    00000040     csl6713.lib : csl_irq.obj (.text:_IRQ_reset)
                  80002660    00000040                 : csl_irq.obj (.text:_IRQ_enable)
                  800026a0    00000040     rts6700.lib : args_main.obj (.text:__args_main)
                  800026e0    00000020     csl6713.lib : csl_mcbsp.obj (.text:_MCBSP_getXmtEventId)
                  80002700    00000020                 : csl_mcbsp.obj (.text:_MCBSP_write)
                  80002720    00000020     rts6700.lib : exit.obj (.text:_abort)
                  80002740    00000020                 : _lock.obj (.text:__nop)
                  80002760    00000020     csl6713.lib : csl_irq.obj (.text)
                  80002780    00000020                 : csl_irq.obj (.text:_IRQ_globalEnable)
                  800027a0    00000020                 : csl_mcbsp.obj (.text:_MCBSP_xrdy)
                  800027c0    00000020                 : csl_irq.obj (.text:_IRQ_nmiEnable)
                  800027e0    00000020                 : csl_irq.obj (.text:_IRQ_globalDisable)
                  80002800    00000020                 : csl_mcbsp.obj (.text:_MCBSP_read)
                  80002820    00000020                 : csl_mcbsp.obj (.text:_MCBSP_rrdy)

.stack     0    80002840    00001000     UNINITIALIZED
                  80002840    00000008     rts6700.lib : boot.obj (.stack)

.far       0    80003840    000003f2     UNINITIALIZED
                  80003840    00000188     qpsk.obj (.far)
                  800039c8    000000f4     csl6713.lib : csl_irq.obj (.far)
                  80003abc    0000008c     rts6700.lib : exit.obj (.far)
                  80003b48    00000058     c6713dskinit.obj (.far)
                  80003ba0    00000038     csl6713.lib : csl_mcbsp.obj (.far)
                  80003bd8    00000028     dsk6713bsl.lib : dsk6713_aic23_registers.obj (.far)
                  80003c00    00000020                    : dsk6713_aic23_setfreq.obj (.far)
                  80003c20    00000008                    : dsk6713_aic23_opencodec.obj (.far)
                  80003c28    00000008     rts6700.lib : _lock.obj (.far)
                  80003c30    00000002     dsk6713bsl.lib : dsk6713.obj (.far)

.cinit     0    80003c38    00000384     
                  80003c38    0000012c     csl6713.lib : csl_irq.obj (.cinit)
                  80003d64    00000004     --HOLE-- [fill = 0]
                  80003d68    000000f4     qpsk.obj (.cinit)
                  80003e5c    00000004     --HOLE-- [fill = 0]
                  80003e60    00000058     c6713dskinit.obj (.cinit)
                  80003eb8    00000054     csl6713.lib : csl_mcbsp.obj (.cinit)
                  80003f0c    00000004     --HOLE-- [fill = 0]
                  80003f10    00000030     dsk6713bsl.lib : dsk6713_aic23_registers.obj (.cinit)
                  80003f40    0000002c     rts6700.lib : exit.obj (.cinit)
                  80003f6c    00000004     --HOLE-- [fill = 0]
                  80003f70    00000028     dsk6713bsl.lib : dsk6713_aic23_setfreq.obj (.cinit)
                  80003f98    0000001c     rts6700.lib : _lock.obj (.cinit)
                  80003fb4    00000008     --HOLE-- [fill = 0]

.const     0    80003fbc    00000060     
                  80003fbc    00000040     dsk6713bsl.lib : dsk6713_aic23_opencodec.obj (.const)
                  80003ffc    00000020                    : dsk6713.obj (.const)

.intvecs   0    00000000    00000000     UNINITIALIZED

.pinit     0    00000200    00000000     UNINITIALIZED


GLOBAL SYMBOLS: SORTED ALPHABETICALLY BY Name 

address    name
--------   ----
80000000   $bss
80000000   .bss
80000000   .data
80000000   .text
80002720   C$$EXIT
80003b54   _AIC23CfgData
80003b48   _AIC_data
80003c20   _DSK6713_AIC23_codeccontrolhandle
80003c24   _DSK6713_AIC23_codecdatahandle
80001da0   _DSK6713_AIC23_config
80001420   _DSK6713_AIC23_openCodec
80001d7c   _DSK6713_AIC23_rget
80001ce0   _DSK6713_AIC23_rset
800023a0   _DSK6713_AIC23_setFreq
800013b4   _DSK6713_getVersion
80000fec   _DSK6713_init
80001308   _DSK6713_rget
8000131c   _DSK6713_rset
80003c30   _DSK6713_version
80001330   _DSK6713_wait
80001388   _DSK6713_waitusec
00000000   _HWI_Cache_Control
80002660   _IRQ_enable
800027e0   _IRQ_globalDisable
80002780   _IRQ_globalEnable
80001980   _IRQ_map
800027c0   _IRQ_nmiEnable
80002620   _IRQ_reset
80002460   _MCBSP_config
800026e0   _MCBSP_getXmtEventId
800021c0   _MCBSP_open
80002800   _MCBSP_read
80001b40   _MCBSP_reset
80002820   _MCBSP_rrdy
800020c0   _MCBSP_start
80002700   _MCBSP_write
800027a0   _MCBSP_xrdy
ffffe7f7   _RTDX_interrupt_mask
80003ab4   __IRQ_dispatchTable
800039f0   __IRQ_eventTable
80002760   __IRQ_hookFetchPacket
80003a74   __IRQ_intTable
80003bd0   __MCBSP_hDev0
80003bd4   __MCBSP_hDev1
00001000   __STACK_SIZE
ffffffff   ___binit__
80000000   ___bss__
ffffffff   ___c_args__
80003c38   ___cinit__
80000000   ___data__
80000000   ___edata__
80000000   ___end__
80002840   ___etext__
ffffffff   ___pinit__
80000000   ___text__
800026a0   __args_main
80001f80   __auto_init
80003b40   __cleanup_ptr
80003b44   __dtors_ptr
80003c28   __lock
80002740   __nop
80002840   __stack
800022c0   __strasg
80003c2c   __unlock
UNDEFED __vectors
80002720   _abort
UNDEFED _auto_init
80000000   _c6713_dsk_init
800025a0   _c_int00
80003848   _car1
80003864   _car2
80003880   _car3
8000389c   _car4
8000013c   _comm_intr
80000100   _comm_poll
80003b74   _config
80001e40   _exit
80003840   _fs
80003b9c   _hAIC23_handle
800039b8   _i
800006d8   _input_left_sample
800007b0   _input_right_sample
800005b4   _input_sample
80003844   _inputsource
800039bc   _j
800039c0   _k
800039c4   _l
800008a0   _main
80001740   _memcpy
800038b8   _msg
800038d8   _output
800003c4   _output_left_sample
800004bc   _output_right_sample
80000280   _output_sample
ffffffff   binit
80003c38   cinit
80000000   edata
80000000   end
80002840   etext
ffffffff   pinit


GLOBAL SYMBOLS: SORTED BY Symbol Address 

address    name
--------   ----
00000000   _HWI_Cache_Control
00001000   __STACK_SIZE
80000000   ___edata__
80000000   ___data__
80000000   ___bss__
80000000   edata
80000000   end
80000000   _c6713_dsk_init
80000000   ___end__
80000000   ___text__
80000000   .data
80000000   .text
80000000   $bss
80000000   .bss
80000100   _comm_poll
8000013c   _comm_intr
80000280   _output_sample
800003c4   _output_left_sample
800004bc   _output_right_sample
800005b4   _input_sample
800006d8   _input_left_sample
800007b0   _input_right_sample
800008a0   _main
80000fec   _DSK6713_init
80001308   _DSK6713_rget
8000131c   _DSK6713_rset
80001330   _DSK6713_wait
80001388   _DSK6713_waitusec
800013b4   _DSK6713_getVersion
80001420   _DSK6713_AIC23_openCodec
80001740   _memcpy
80001980   _IRQ_map
80001b40   _MCBSP_reset
80001ce0   _DSK6713_AIC23_rset
80001d7c   _DSK6713_AIC23_rget
80001da0   _DSK6713_AIC23_config
80001e40   _exit
80001f80   __auto_init
800020c0   _MCBSP_start
800021c0   _MCBSP_open
800022c0   __strasg
800023a0   _DSK6713_AIC23_setFreq
80002460   _MCBSP_config
800025a0   _c_int00
80002620   _IRQ_reset
80002660   _IRQ_enable
800026a0   __args_main
800026e0   _MCBSP_getXmtEventId
80002700   _MCBSP_write
80002720   C$$EXIT
80002720   _abort
80002740   __nop
80002760   __IRQ_hookFetchPacket
80002780   _IRQ_globalEnable
800027a0   _MCBSP_xrdy
800027c0   _IRQ_nmiEnable
800027e0   _IRQ_globalDisable
80002800   _MCBSP_read
80002820   _MCBSP_rrdy
80002840   __stack
80002840   ___etext__
80002840   etext
80003840   _fs
80003844   _inputsource
80003848   _car1
80003864   _car2
80003880   _car3
8000389c   _car4
800038b8   _msg
800038d8   _output
800039b8   _i
800039bc   _j
800039c0   _k
800039c4   _l
800039f0   __IRQ_eventTable
80003a74   __IRQ_intTable
80003ab4   __IRQ_dispatchTable
80003b40   __cleanup_ptr
80003b44   __dtors_ptr
80003b48   _AIC_data
80003b54   _AIC23CfgData
80003b74   _config
80003b9c   _hAIC23_handle
80003bd0   __MCBSP_hDev0
80003bd4   __MCBSP_hDev1
80003c20   _DSK6713_AIC23_codeccontrolhandle
80003c24   _DSK6713_AIC23_codecdatahandle
80003c28   __lock
80003c2c   __unlock
80003c30   _DSK6713_version
80003c38   ___cinit__
80003c38   cinit
ffffe7f7   _RTDX_interrupt_mask
ffffffff   pinit
ffffffff   ___binit__
UNDEFED __vectors
ffffffff   ___pinit__
UNDEFED _auto_init
ffffffff   binit
ffffffff   ___c_args__

[100 symbols]
