******************************************************************************
          TMS320C6x COFF Linker PC v5.1.0                      
******************************************************************************
>> Linked Sat Mar 18 00:51:27 2017

OUTPUT FILE NAME:   <./Debug/fsk.out>
ENTRY POINT SYMBOL: "_c_int00"  address: 80002200


MEMORY CONFIGURATION

                  name            origin    length      used    attr    fill
         ----------------------  --------  ---------  --------  ----  --------
         VECS                    00000000   00000200  00000000  RWIX
         PMEM                    00000200   0000fe00  00000000  RWIX
         BMEM                    80000000   01000000  00003f36  RWIX


SECTION ALLOCATION MAP

 output                                  attributes/
section   page    origin      length       input sections
--------  ----  ----------  ----------   ----------------
.rtdx_text 
*          0    80000000    00000000     UNINITIALIZED

.bss       0    80000000    00000000     UNINITIALIZED

.cio       0    80000000    00000000     UNINITIALIZED

.data      0    80000000    00000000     UNINITIALIZED

.rtdx_data 
*          0    80000000    00000000     UNINITIALIZED

.switch    0    80000000    00000000     UNINITIALIZED

.sysmem    0    80000000    00000000     UNINITIALIZED

.text      0    80000000    000024a0     
                  80000000    000008a0     c6713dskinit.obj (.text)
                  800008a0    00000480     dsk6713bsl.lib : dsk6713.obj (.text)
                  80000d20    00000360     fsk.obj (.text)
                  80001080    00000320     dsk6713bsl.lib : dsk6713_aic23_opencodec.obj (.text)
                  800013a0    00000240     rts6700.lib : memcpy62.obj (.text:_memcpy)
                  800015e0    000001c0     csl6713.lib : csl_irq.obj (.text:_IRQ_map)
                  800017a0    000001a0                 : csl_mcbsp.obj (.text:_MCBSP_reset)
                  80001940    00000160     dsk6713bsl.lib : dsk6713_aic23_registers.obj (.text)
                  80001aa0    00000140     rts6700.lib : exit.obj (.text:_exit)
                  80001be0    00000140                 : autoinit.obj (.text:__auto_init)
                  80001d20    00000100     csl6713.lib : csl_mcbsp.obj (.text:_MCBSP_start)
                  80001e20    00000100                 : csl_mcbsp.obj (.text:_MCBSP_open)
                  80001f20    000000e0     rts6700.lib : strasg.obj (.text:__strasg)
                  80002000    000000c0     dsk6713bsl.lib : dsk6713_aic23_setfreq.obj (.text)
                  800020c0    000000a0     csl6713.lib : csl_mcbsp.obj (.text:_MCBSP_config)
                  80002160    000000a0                 : csl_irq.obj (.text:_setMux)
                  80002200    00000080     rts6700.lib : boot.obj (.text:_c_int00)
                  80002280    00000040     csl6713.lib : csl_irq.obj (.text:_IRQ_reset)
                  800022c0    00000040                 : csl_irq.obj (.text:_IRQ_enable)
                  80002300    00000040     rts6700.lib : args_main.obj (.text:__args_main)
                  80002340    00000020     csl6713.lib : csl_mcbsp.obj (.text:_MCBSP_getXmtEventId)
                  80002360    00000020                 : csl_mcbsp.obj (.text:_MCBSP_write)
                  80002380    00000020     rts6700.lib : exit.obj (.text:_abort)
                  800023a0    00000020                 : _lock.obj (.text:__nop)
                  800023c0    00000020     csl6713.lib : csl_irq.obj (.text)
                  800023e0    00000020                 : csl_irq.obj (.text:_IRQ_globalEnable)
                  80002400    00000020                 : csl_mcbsp.obj (.text:_MCBSP_xrdy)
                  80002420    00000020                 : csl_irq.obj (.text:_IRQ_nmiEnable)
                  80002440    00000020                 : csl_irq.obj (.text:_IRQ_globalDisable)
                  80002460    00000020                 : csl_mcbsp.obj (.text:_MCBSP_read)
                  80002480    00000020                 : csl_mcbsp.obj (.text:_MCBSP_rrdy)

.stack     0    800024a0    00001000     UNINITIALIZED
                  800024a0    00000008     rts6700.lib : boot.obj (.stack)

.far       0    800034a0    000006f2     UNINITIALIZED
                  800034a0    00000488     fsk.obj (.far)
                  80003928    000000f4     csl6713.lib : csl_irq.obj (.far)
                  80003a1c    0000008c     rts6700.lib : exit.obj (.far)
                  80003aa8    00000058     c6713dskinit.obj (.far)
                  80003b00    00000038     csl6713.lib : csl_mcbsp.obj (.far)
                  80003b38    00000028     dsk6713bsl.lib : dsk6713_aic23_registers.obj (.far)
                  80003b60    00000020                    : dsk6713_aic23_setfreq.obj (.far)
                  80003b80    00000008                    : dsk6713_aic23_opencodec.obj (.far)
                  80003b88    00000008     rts6700.lib : _lock.obj (.far)
                  80003b90    00000002     dsk6713bsl.lib : dsk6713.obj (.far)

.cinit     0    80003b98    00000344     
                  80003b98    0000012c     csl6713.lib : csl_irq.obj (.cinit)
                  80003cc4    00000004     --HOLE-- [fill = 0]
                  80003cc8    000000b8     fsk.obj (.cinit)
                  80003d80    00000058     c6713dskinit.obj (.cinit)
                  80003dd8    00000054     csl6713.lib : csl_mcbsp.obj (.cinit)
                  80003e2c    00000004     --HOLE-- [fill = 0]
                  80003e30    00000030     dsk6713bsl.lib : dsk6713_aic23_registers.obj (.cinit)
                  80003e60    0000002c     rts6700.lib : exit.obj (.cinit)
                  80003e8c    00000004     --HOLE-- [fill = 0]
                  80003e90    00000028     dsk6713bsl.lib : dsk6713_aic23_setfreq.obj (.cinit)
                  80003eb8    0000001c     rts6700.lib : _lock.obj (.cinit)
                  80003ed4    00000008     --HOLE-- [fill = 0]

.const     0    80003edc    00000060     
                  80003edc    00000040     dsk6713bsl.lib : dsk6713_aic23_opencodec.obj (.const)
                  80003f1c    00000020                    : dsk6713.obj (.const)

.intvecs   0    00000000    00000000     UNINITIALIZED

.pinit     0    00000200    00000000     UNINITIALIZED


GLOBAL SYMBOLS: SORTED ALPHABETICALLY BY Name 

address    name
--------   ----
80000000   $bss
80000000   .bss
80000000   .data
80000000   .text
80002380   C$$EXIT
80003ab4   _AIC23CfgData
80003aa8   _AIC_data
80003b80   _DSK6713_AIC23_codeccontrolhandle
80003b84   _DSK6713_AIC23_codecdatahandle
80001a00   _DSK6713_AIC23_config
80001080   _DSK6713_AIC23_openCodec
800019dc   _DSK6713_AIC23_rget
80001940   _DSK6713_AIC23_rset
80002000   _DSK6713_AIC23_setFreq
80000cb4   _DSK6713_getVersion
800008ec   _DSK6713_init
80000c08   _DSK6713_rget
80000c1c   _DSK6713_rset
80003b90   _DSK6713_version
80000c30   _DSK6713_wait
80000c88   _DSK6713_waitusec
00000000   _HWI_Cache_Control
800022c0   _IRQ_enable
80002440   _IRQ_globalDisable
800023e0   _IRQ_globalEnable
800015e0   _IRQ_map
80002420   _IRQ_nmiEnable
80002280   _IRQ_reset
800020c0   _MCBSP_config
80002340   _MCBSP_getXmtEventId
80001e20   _MCBSP_open
80002460   _MCBSP_read
800017a0   _MCBSP_reset
80002480   _MCBSP_rrdy
80001d20   _MCBSP_start
80002360   _MCBSP_write
80002400   _MCBSP_xrdy
ffffe7f7   _RTDX_interrupt_mask
80003a14   __IRQ_dispatchTable
80003950   __IRQ_eventTable
800023c0   __IRQ_hookFetchPacket
800039d4   __IRQ_intTable
80003b30   __MCBSP_hDev0
80003b34   __MCBSP_hDev1
00001000   __STACK_SIZE
ffffffff   ___binit__
80000000   ___bss__
ffffffff   ___c_args__
80003b98   ___cinit__
80000000   ___data__
80000000   ___edata__
80000000   ___end__
800024a0   ___etext__
ffffffff   ___pinit__
80000000   ___text__
80002300   __args_main
80001be0   __auto_init
80003aa0   __cleanup_ptr
80003aa4   __dtors_ptr
80003b88   __lock
800023a0   __nop
800024a0   __stack
80001f20   __strasg
80003b8c   __unlock
UNDEFED __vectors
80002380   _abort
UNDEFED _auto_init
80000000   _c6713_dsk_init
80002200   _c_int00
800034a8   _car1
800034c8   _car2
8000013c   _comm_intr
80000100   _comm_poll
80003ad4   _config
80001aa0   _exit
800034a0   _fs
80003afc   _hAIC23_handle
80003508   _i
800006d8   _input_left_sample
800007b0   _input_right_sample
800005b4   _input_sample
800034a4   _inputsource
8000350c   _j
80003510   _k
80003514   _l
80000d20   _main
800013a0   _memcpy
80003518   _msg
80003528   _output
800003c4   _output_left_sample
800004bc   _output_right_sample
80000280   _output_sample
ffffffff   binit
80003b98   cinit
80000000   edata
80000000   end
800024a0   etext
ffffffff   pinit


GLOBAL SYMBOLS: SORTED BY Symbol Address 

address    name
--------   ----
00000000   _HWI_Cache_Control
00001000   __STACK_SIZE
80000000   ___bss__
80000000   edata
80000000   end
80000000   .bss
80000000   $bss
80000000   ___text__
80000000   _c6713_dsk_init
80000000   ___end__
80000000   ___data__
80000000   ___edata__
80000000   .text
80000000   .data
80000100   _comm_poll
8000013c   _comm_intr
80000280   _output_sample
800003c4   _output_left_sample
800004bc   _output_right_sample
800005b4   _input_sample
800006d8   _input_left_sample
800007b0   _input_right_sample
800008ec   _DSK6713_init
80000c08   _DSK6713_rget
80000c1c   _DSK6713_rset
80000c30   _DSK6713_wait
80000c88   _DSK6713_waitusec
80000cb4   _DSK6713_getVersion
80000d20   _main
80001080   _DSK6713_AIC23_openCodec
800013a0   _memcpy
800015e0   _IRQ_map
800017a0   _MCBSP_reset
80001940   _DSK6713_AIC23_rset
800019dc   _DSK6713_AIC23_rget
80001a00   _DSK6713_AIC23_config
80001aa0   _exit
80001be0   __auto_init
80001d20   _MCBSP_start
80001e20   _MCBSP_open
80001f20   __strasg
80002000   _DSK6713_AIC23_setFreq
800020c0   _MCBSP_config
80002200   _c_int00
80002280   _IRQ_reset
800022c0   _IRQ_enable
80002300   __args_main
80002340   _MCBSP_getXmtEventId
80002360   _MCBSP_write
80002380   C$$EXIT
80002380   _abort
800023a0   __nop
800023c0   __IRQ_hookFetchPacket
800023e0   _IRQ_globalEnable
80002400   _MCBSP_xrdy
80002420   _IRQ_nmiEnable
80002440   _IRQ_globalDisable
80002460   _MCBSP_read
80002480   _MCBSP_rrdy
800024a0   etext
800024a0   __stack
800024a0   ___etext__
800034a0   _fs
800034a4   _inputsource
800034a8   _car1
800034c8   _car2
80003508   _i
8000350c   _j
80003510   _k
80003514   _l
80003518   _msg
80003528   _output
80003950   __IRQ_eventTable
800039d4   __IRQ_intTable
80003a14   __IRQ_dispatchTable
80003aa0   __cleanup_ptr
80003aa4   __dtors_ptr
80003aa8   _AIC_data
80003ab4   _AIC23CfgData
80003ad4   _config
80003afc   _hAIC23_handle
80003b30   __MCBSP_hDev0
80003b34   __MCBSP_hDev1
80003b80   _DSK6713_AIC23_codeccontrolhandle
80003b84   _DSK6713_AIC23_codecdatahandle
80003b88   __lock
80003b8c   __unlock
80003b90   _DSK6713_version
80003b98   cinit
80003b98   ___cinit__
ffffe7f7   _RTDX_interrupt_mask
ffffffff   ___c_args__
ffffffff   ___binit__
ffffffff   pinit
ffffffff   ___pinit__
UNDEFED __vectors
UNDEFED _auto_init
ffffffff   binit

[98 symbols]
