******************************************************************************
          TMS320C6x COFF Linker PC v5.1.0                      
******************************************************************************
>> Linked Sat Mar 18 01:20:46 2017

OUTPUT FILE NAME:   <./Debug/dpcm.out>
ENTRY POINT SYMBOL: "_c_int00"  address: 80002500


MEMORY CONFIGURATION

                  name            origin    length      used    attr    fill
         ----------------------  --------  ---------  --------  ----  --------
         VECS                    00000000   00000200  00000000  RWIX
         PMEM                    00000200   0000fe00  00000000  RWIX
         BMEM                    80000000   01000000  00003fd2  RWIX


SECTION ALLOCATION MAP

 output                                  attributes/
section   page    origin      length       input sections
--------  ----  ----------  ----------   ----------------
.rtdx_text 
*          0    80000000    00000000     UNINITIALIZED

.bss       0    80000000    00000000     UNINITIALIZED

.cio       0    80000000    00000000     UNINITIALIZED

.data      0    80000000    00000000     UNINITIALIZED

.rtdx_data 
*          0    80000000    00000000     UNINITIALIZED

.switch    0    80000000    00000000     UNINITIALIZED

.sysmem    0    80000000    00000000     UNINITIALIZED

.text      0    80000000    000027a0     
                  80000000    000008a0     c6713dskinit.obj (.text)
                  800008a0    00000660     dpcm.obj (.text)
                  80000f00    00000480     dsk6713bsl.lib : dsk6713.obj (.text)
                  80001380    00000320                    : dsk6713_aic23_opencodec.obj (.text)
                  800016a0    00000240     rts6700.lib : memcpy62.obj (.text:_memcpy)
                  800018e0    000001c0     csl6713.lib : csl_irq.obj (.text:_IRQ_map)
                  80001aa0    000001a0                 : csl_mcbsp.obj (.text:_MCBSP_reset)
                  80001c40    00000160     dsk6713bsl.lib : dsk6713_aic23_registers.obj (.text)
                  80001da0    00000140     rts6700.lib : exit.obj (.text:_exit)
                  80001ee0    00000140                 : autoinit.obj (.text:__auto_init)
                  80002020    00000100     csl6713.lib : csl_mcbsp.obj (.text:_MCBSP_start)
                  80002120    00000100                 : csl_mcbsp.obj (.text:_MCBSP_open)
                  80002220    000000e0     rts6700.lib : strasg.obj (.text:__strasg)
                  80002300    000000c0     dsk6713bsl.lib : dsk6713_aic23_setfreq.obj (.text)
                  800023c0    000000a0     csl6713.lib : csl_mcbsp.obj (.text:_MCBSP_config)
                  80002460    000000a0                 : csl_irq.obj (.text:_setMux)
                  80002500    00000080     rts6700.lib : boot.obj (.text:_c_int00)
                  80002580    00000040     csl6713.lib : csl_irq.obj (.text:_IRQ_reset)
                  800025c0    00000040                 : csl_irq.obj (.text:_IRQ_enable)
                  80002600    00000040     rts6700.lib : args_main.obj (.text:__args_main)
                  80002640    00000020     csl6713.lib : csl_mcbsp.obj (.text:_MCBSP_getXmtEventId)
                  80002660    00000020                 : csl_mcbsp.obj (.text:_MCBSP_write)
                  80002680    00000020     rts6700.lib : exit.obj (.text:_abort)
                  800026a0    00000020                 : _lock.obj (.text:__nop)
                  800026c0    00000020     csl6713.lib : csl_irq.obj (.text)
                  800026e0    00000020                 : csl_irq.obj (.text:_IRQ_globalEnable)
                  80002700    00000020                 : csl_mcbsp.obj (.text:_MCBSP_xrdy)
                  80002720    00000020                 : csl_irq.obj (.text:_IRQ_nmiEnable)
                  80002740    00000020                 : csl_irq.obj (.text:_IRQ_globalDisable)
                  80002760    00000020                 : csl_mcbsp.obj (.text:_MCBSP_read)
                  80002780    00000020                 : csl_mcbsp.obj (.text:_MCBSP_rrdy)

.stack     0    800027a0    00001000     UNINITIALIZED
                  800027a0    00000008     rts6700.lib : boot.obj (.stack)

.far       0    800037a0    0000043e     UNINITIALIZED
                  800037a0    000001d4     dpcm.obj (.far)
                  80003974    000000f4     csl6713.lib : csl_irq.obj (.far)
                  80003a68    0000008c     rts6700.lib : exit.obj (.far)
                  80003af4    00000058     c6713dskinit.obj (.far)
                  80003b4c    00000038     csl6713.lib : csl_mcbsp.obj (.far)
                  80003b84    00000028     dsk6713bsl.lib : dsk6713_aic23_registers.obj (.far)
                  80003bac    00000020                    : dsk6713_aic23_setfreq.obj (.far)
                  80003bcc    00000008                    : dsk6713_aic23_opencodec.obj (.far)
                  80003bd4    00000008     rts6700.lib : _lock.obj (.far)
                  80003bdc    00000002     dsk6713bsl.lib : dsk6713.obj (.far)

.cinit     0    80003be0    00000394     
                  80003be0    0000012c     csl6713.lib : csl_irq.obj (.cinit)
                  80003d0c    00000004     --HOLE-- [fill = 0]
                  80003d10    00000104     dpcm.obj (.cinit)
                  80003e14    00000004     --HOLE-- [fill = 0]
                  80003e18    00000058     c6713dskinit.obj (.cinit)
                  80003e70    00000054     csl6713.lib : csl_mcbsp.obj (.cinit)
                  80003ec4    00000004     --HOLE-- [fill = 0]
                  80003ec8    00000030     dsk6713bsl.lib : dsk6713_aic23_registers.obj (.cinit)
                  80003ef8    0000002c     rts6700.lib : exit.obj (.cinit)
                  80003f24    00000004     --HOLE-- [fill = 0]
                  80003f28    00000028     dsk6713bsl.lib : dsk6713_aic23_setfreq.obj (.cinit)
                  80003f50    0000001c     rts6700.lib : _lock.obj (.cinit)
                  80003f6c    00000008     --HOLE-- [fill = 0]

.const     0    80003f74    00000060     
                  80003f74    00000040     dsk6713bsl.lib : dsk6713_aic23_opencodec.obj (.const)
                  80003fb4    00000020                    : dsk6713.obj (.const)

.intvecs   0    00000000    00000000     UNINITIALIZED

.pinit     0    00000200    00000000     UNINITIALIZED


GLOBAL SYMBOLS: SORTED ALPHABETICALLY BY Name 

address    name
--------   ----
80000000   $bss
80000000   .bss
80000000   .data
80000000   .text
80002680   C$$EXIT
80003b00   _AIC23CfgData
80003af4   _AIC_data
80003bcc   _DSK6713_AIC23_codeccontrolhandle
80003bd0   _DSK6713_AIC23_codecdatahandle
80001d00   _DSK6713_AIC23_config
80001380   _DSK6713_AIC23_openCodec
80001cdc   _DSK6713_AIC23_rget
80001c40   _DSK6713_AIC23_rset
80002300   _DSK6713_AIC23_setFreq
80001314   _DSK6713_getVersion
80000f4c   _DSK6713_init
80001268   _DSK6713_rget
8000127c   _DSK6713_rset
80003bdc   _DSK6713_version
80001290   _DSK6713_wait
800012e8   _DSK6713_waitusec
00000000   _HWI_Cache_Control
800025c0   _IRQ_enable
80002740   _IRQ_globalDisable
800026e0   _IRQ_globalEnable
800018e0   _IRQ_map
80002720   _IRQ_nmiEnable
80002580   _IRQ_reset
800023c0   _MCBSP_config
80002640   _MCBSP_getXmtEventId
80002120   _MCBSP_open
80002760   _MCBSP_read
80001aa0   _MCBSP_reset
80002780   _MCBSP_rrdy
80002020   _MCBSP_start
80002660   _MCBSP_write
80002700   _MCBSP_xrdy
ffffe7f7   _RTDX_interrupt_mask
80003a60   __IRQ_dispatchTable
8000399c   __IRQ_eventTable
800026c0   __IRQ_hookFetchPacket
80003a20   __IRQ_intTable
80003b7c   __MCBSP_hDev0
80003b80   __MCBSP_hDev1
00001000   __STACK_SIZE
ffffffff   ___binit__
80000000   ___bss__
ffffffff   ___c_args__
80003be0   ___cinit__
80000000   ___data__
80000000   ___edata__
80000000   ___end__
800027a0   ___etext__
ffffffff   ___pinit__
80000000   ___text__
80002600   __args_main
80001ee0   __auto_init
80003aec   __cleanup_ptr
80003af0   __dtors_ptr
80003bd4   __lock
800026a0   __nop
800027a0   __stack
80002220   __strasg
80003bd8   __unlock
UNDEFED __vectors
80002680   _abort
UNDEFED _auto_init
80000000   _c6713_dsk_init
80002500   _c_int00
8000013c   _comm_intr
80000100   _comm_poll
80003b20   _config
8000385c   _diff
80001da0   _exit
800037a0   _fs
80003b48   _hAIC23_handle
8000384c   _i
800006d8   _input_left_sample
800007b0   _input_right_sample
800005b4   _input_sample
800037a4   _inputsource
80003850   _j
80003854   _k
80003858   _level
80003804   _m1
800037ec   _m2
800037d4   _m3
8000381c   _m5
80003834   _m6
800008a0   _main
800016a0   _memcpy
80003884   _output
800003c4   _output_left_sample
800004bc   _output_right_sample
80000280   _output_sample
800037a8   _s
ffffffff   binit
80003be0   cinit
80000000   edata
80000000   end
800027a0   etext
ffffffff   pinit


GLOBAL SYMBOLS: SORTED BY Symbol Address 

address    name
--------   ----
00000000   _HWI_Cache_Control
00001000   __STACK_SIZE
80000000   ___edata__
80000000   ___data__
80000000   ___bss__
80000000   edata
80000000   end
80000000   _c6713_dsk_init
80000000   ___end__
80000000   ___text__
80000000   $bss
80000000   .text
80000000   .bss
80000000   .data
80000100   _comm_poll
8000013c   _comm_intr
80000280   _output_sample
800003c4   _output_left_sample
800004bc   _output_right_sample
800005b4   _input_sample
800006d8   _input_left_sample
800007b0   _input_right_sample
800008a0   _main
80000f4c   _DSK6713_init
80001268   _DSK6713_rget
8000127c   _DSK6713_rset
80001290   _DSK6713_wait
800012e8   _DSK6713_waitusec
80001314   _DSK6713_getVersion
80001380   _DSK6713_AIC23_openCodec
800016a0   _memcpy
800018e0   _IRQ_map
80001aa0   _MCBSP_reset
80001c40   _DSK6713_AIC23_rset
80001cdc   _DSK6713_AIC23_rget
80001d00   _DSK6713_AIC23_config
80001da0   _exit
80001ee0   __auto_init
80002020   _MCBSP_start
80002120   _MCBSP_open
80002220   __strasg
80002300   _DSK6713_AIC23_setFreq
800023c0   _MCBSP_config
80002500   _c_int00
80002580   _IRQ_reset
800025c0   _IRQ_enable
80002600   __args_main
80002640   _MCBSP_getXmtEventId
80002660   _MCBSP_write
80002680   C$$EXIT
80002680   _abort
800026a0   __nop
800026c0   __IRQ_hookFetchPacket
800026e0   _IRQ_globalEnable
80002700   _MCBSP_xrdy
80002720   _IRQ_nmiEnable
80002740   _IRQ_globalDisable
80002760   _MCBSP_read
80002780   _MCBSP_rrdy
800027a0   __stack
800027a0   etext
800027a0   ___etext__
800037a0   _fs
800037a4   _inputsource
800037a8   _s
800037d4   _m3
800037ec   _m2
80003804   _m1
8000381c   _m5
80003834   _m6
8000384c   _i
80003850   _j
80003854   _k
80003858   _level
8000385c   _diff
80003884   _output
8000399c   __IRQ_eventTable
80003a20   __IRQ_intTable
80003a60   __IRQ_dispatchTable
80003aec   __cleanup_ptr
80003af0   __dtors_ptr
80003af4   _AIC_data
80003b00   _AIC23CfgData
80003b20   _config
80003b48   _hAIC23_handle
80003b7c   __MCBSP_hDev0
80003b80   __MCBSP_hDev1
80003bcc   _DSK6713_AIC23_codeccontrolhandle
80003bd0   _DSK6713_AIC23_codecdatahandle
80003bd4   __lock
80003bd8   __unlock
80003bdc   _DSK6713_version
80003be0   ___cinit__
80003be0   cinit
ffffe7f7   _RTDX_interrupt_mask
UNDEFED _auto_init
ffffffff   ___c_args__
ffffffff   pinit
UNDEFED __vectors
ffffffff   ___pinit__
ffffffff   binit
ffffffff   ___binit__

[102 symbols]
