******************************************************************************
          TMS320C6x COFF Linker PC v5.1.0                      
******************************************************************************
>> Linked Sat Mar 18 00:56:23 2017

OUTPUT FILE NAME:   <./Debug/pcm.out>
ENTRY POINT SYMBOL: "_c_int00"  address: 80002420


MEMORY CONFIGURATION

                  name            origin    length      used    attr    fill
         ----------------------  --------  ---------  --------  ----  --------
         VECS                    00000000   00000200  00000000  RWIX
         PMEM                    00000200   0000fe00  00000000  RWIX
         BMEM                    80000000   01000000  00003ee2  RWIX


SECTION ALLOCATION MAP

 output                                  attributes/
section   page    origin      length       input sections
--------  ----  ----------  ----------   ----------------
.rtdx_text 
*          0    80000000    00000000     UNINITIALIZED

.bss       0    80000000    00000000     UNINITIALIZED

.cio       0    80000000    00000000     UNINITIALIZED

.data      0    80000000    00000000     UNINITIALIZED

.rtdx_data 
*          0    80000000    00000000     UNINITIALIZED

.switch    0    80000000    00000000     UNINITIALIZED

.sysmem    0    80000000    00000000     UNINITIALIZED

.text      0    80000000    000026c0     
                  80000000    000008a0     c6713dskinit.obj (.text)
                  800008a0    00000580     pcm.obj (.text)
                  80000e20    00000480     dsk6713bsl.lib : dsk6713.obj (.text)
                  800012a0    00000320                    : dsk6713_aic23_opencodec.obj (.text)
                  800015c0    00000240     rts6700.lib : memcpy62.obj (.text:_memcpy)
                  80001800    000001c0     csl6713.lib : csl_irq.obj (.text:_IRQ_map)
                  800019c0    000001a0                 : csl_mcbsp.obj (.text:_MCBSP_reset)
                  80001b60    00000160     dsk6713bsl.lib : dsk6713_aic23_registers.obj (.text)
                  80001cc0    00000140     rts6700.lib : exit.obj (.text:_exit)
                  80001e00    00000140                 : autoinit.obj (.text:__auto_init)
                  80001f40    00000100     csl6713.lib : csl_mcbsp.obj (.text:_MCBSP_start)
                  80002040    00000100                 : csl_mcbsp.obj (.text:_MCBSP_open)
                  80002140    000000e0     rts6700.lib : strasg.obj (.text:__strasg)
                  80002220    000000c0     dsk6713bsl.lib : dsk6713_aic23_setfreq.obj (.text)
                  800022e0    000000a0     csl6713.lib : csl_mcbsp.obj (.text:_MCBSP_config)
                  80002380    000000a0                 : csl_irq.obj (.text:_setMux)
                  80002420    00000080     rts6700.lib : boot.obj (.text:_c_int00)
                  800024a0    00000040     csl6713.lib : csl_irq.obj (.text:_IRQ_reset)
                  800024e0    00000040                 : csl_irq.obj (.text:_IRQ_enable)
                  80002520    00000040     rts6700.lib : args_main.obj (.text:__args_main)
                  80002560    00000020     csl6713.lib : csl_mcbsp.obj (.text:_MCBSP_getXmtEventId)
                  80002580    00000020                 : csl_mcbsp.obj (.text:_MCBSP_write)
                  800025a0    00000020     rts6700.lib : exit.obj (.text:_abort)
                  800025c0    00000020                 : _lock.obj (.text:__nop)
                  800025e0    00000020     csl6713.lib : csl_irq.obj (.text)
                  80002600    00000020                 : csl_irq.obj (.text:_IRQ_globalEnable)
                  80002620    00000020                 : csl_mcbsp.obj (.text:_MCBSP_xrdy)
                  80002640    00000020                 : csl_irq.obj (.text:_IRQ_nmiEnable)
                  80002660    00000020                 : csl_irq.obj (.text:_IRQ_globalDisable)
                  80002680    00000020                 : csl_mcbsp.obj (.text:_MCBSP_read)
                  800026a0    00000020                 : csl_mcbsp.obj (.text:_MCBSP_rrdy)

.stack     0    800026c0    00001000     UNINITIALIZED
                  800026c0    00000008     rts6700.lib : boot.obj (.stack)

.far       0    800036c0    0000042e     UNINITIALIZED
                  800036c0    000001c4     pcm.obj (.far)
                  80003884    000000f4     csl6713.lib : csl_irq.obj (.far)
                  80003978    0000008c     rts6700.lib : exit.obj (.far)
                  80003a04    00000058     c6713dskinit.obj (.far)
                  80003a5c    00000038     csl6713.lib : csl_mcbsp.obj (.far)
                  80003a94    00000028     dsk6713bsl.lib : dsk6713_aic23_registers.obj (.far)
                  80003abc    00000020                    : dsk6713_aic23_setfreq.obj (.far)
                  80003adc    00000008                    : dsk6713_aic23_opencodec.obj (.far)
                  80003ae4    00000008     rts6700.lib : _lock.obj (.far)
                  80003aec    00000002     dsk6713bsl.lib : dsk6713.obj (.far)

.cinit     0    80003af0    00000394     
                  80003af0    0000012c     csl6713.lib : csl_irq.obj (.cinit)
                  80003c1c    00000004     --HOLE-- [fill = 0]
                  80003c20    00000104     pcm.obj (.cinit)
                  80003d24    00000004     --HOLE-- [fill = 0]
                  80003d28    00000058     c6713dskinit.obj (.cinit)
                  80003d80    00000054     csl6713.lib : csl_mcbsp.obj (.cinit)
                  80003dd4    00000004     --HOLE-- [fill = 0]
                  80003dd8    00000030     dsk6713bsl.lib : dsk6713_aic23_registers.obj (.cinit)
                  80003e08    0000002c     rts6700.lib : exit.obj (.cinit)
                  80003e34    00000004     --HOLE-- [fill = 0]
                  80003e38    00000028     dsk6713bsl.lib : dsk6713_aic23_setfreq.obj (.cinit)
                  80003e60    0000001c     rts6700.lib : _lock.obj (.cinit)
                  80003e7c    00000008     --HOLE-- [fill = 0]

.const     0    80003e84    00000060     
                  80003e84    00000040     dsk6713bsl.lib : dsk6713_aic23_opencodec.obj (.const)
                  80003ec4    00000020                    : dsk6713.obj (.const)

.intvecs   0    00000000    00000000     UNINITIALIZED

.pinit     0    00000200    00000000     UNINITIALIZED


GLOBAL SYMBOLS: SORTED ALPHABETICALLY BY Name 

address    name
--------   ----
80000000   $bss
80000000   .bss
80000000   .data
80000000   .text
800025a0   C$$EXIT
80003a10   _AIC23CfgData
80003a04   _AIC_data
80003adc   _DSK6713_AIC23_codeccontrolhandle
80003ae0   _DSK6713_AIC23_codecdatahandle
80001c20   _DSK6713_AIC23_config
800012a0   _DSK6713_AIC23_openCodec
80001bfc   _DSK6713_AIC23_rget
80001b60   _DSK6713_AIC23_rset
80002220   _DSK6713_AIC23_setFreq
80001234   _DSK6713_getVersion
80000e6c   _DSK6713_init
80001188   _DSK6713_rget
8000119c   _DSK6713_rset
80003aec   _DSK6713_version
800011b0   _DSK6713_wait
80001208   _DSK6713_waitusec
00000000   _HWI_Cache_Control
800024e0   _IRQ_enable
80002660   _IRQ_globalDisable
80002600   _IRQ_globalEnable
80001800   _IRQ_map
80002640   _IRQ_nmiEnable
800024a0   _IRQ_reset
800022e0   _MCBSP_config
80002560   _MCBSP_getXmtEventId
80002040   _MCBSP_open
80002680   _MCBSP_read
800019c0   _MCBSP_reset
800026a0   _MCBSP_rrdy
80001f40   _MCBSP_start
80002580   _MCBSP_write
80002620   _MCBSP_xrdy
ffffe7f7   _RTDX_interrupt_mask
80003970   __IRQ_dispatchTable
800038ac   __IRQ_eventTable
800025e0   __IRQ_hookFetchPacket
80003930   __IRQ_intTable
80003a8c   __MCBSP_hDev0
80003a90   __MCBSP_hDev1
00001000   __STACK_SIZE
ffffffff   ___binit__
80000000   ___bss__
ffffffff   ___c_args__
80003af0   ___cinit__
80000000   ___data__
80000000   ___edata__
80000000   ___end__
800026c0   ___etext__
ffffffff   ___pinit__
80000000   ___text__
80002520   __args_main
80001e00   __auto_init
800039fc   __cleanup_ptr
80003a00   __dtors_ptr
80003ae4   __lock
800025c0   __nop
800026c0   __stack
80002140   __strasg
80003ae8   __unlock
UNDEFED __vectors
800025a0   _abort
UNDEFED _auto_init
80000000   _c6713_dsk_init
80002420   _c_int00
8000013c   _comm_intr
80000100   _comm_poll
80003a30   _config
80001cc0   _exit
800036c0   _fs
80003a58   _hAIC23_handle
80003770   _i
800006d8   _input_left_sample
800007b0   _input_right_sample
800005b4   _input_sample
800036c4   _inputsource
80003774   _j
80003778   _k
8000376c   _level
80003724   _m1
8000370c   _m2
800036f4   _m3
8000373c   _m5
80003754   _m6
800008a0   _main
800015c0   _memcpy
8000377c   _output
800003c4   _output_left_sample
800004bc   _output_right_sample
80000280   _output_sample
800036c8   _s
ffffffff   binit
80003af0   cinit
80000000   edata
80000000   end
800026c0   etext
ffffffff   pinit


GLOBAL SYMBOLS: SORTED BY Symbol Address 

address    name
--------   ----
00000000   _HWI_Cache_Control
00001000   __STACK_SIZE
80000000   ___edata__
80000000   ___data__
80000000   ___bss__
80000000   edata
80000000   end
80000000   _c6713_dsk_init
80000000   ___end__
80000000   ___text__
80000000   $bss
80000000   .text
80000000   .bss
80000000   .data
80000100   _comm_poll
8000013c   _comm_intr
80000280   _output_sample
800003c4   _output_left_sample
800004bc   _output_right_sample
800005b4   _input_sample
800006d8   _input_left_sample
800007b0   _input_right_sample
800008a0   _main
80000e6c   _DSK6713_init
80001188   _DSK6713_rget
8000119c   _DSK6713_rset
800011b0   _DSK6713_wait
80001208   _DSK6713_waitusec
80001234   _DSK6713_getVersion
800012a0   _DSK6713_AIC23_openCodec
800015c0   _memcpy
80001800   _IRQ_map
800019c0   _MCBSP_reset
80001b60   _DSK6713_AIC23_rset
80001bfc   _DSK6713_AIC23_rget
80001c20   _DSK6713_AIC23_config
80001cc0   _exit
80001e00   __auto_init
80001f40   _MCBSP_start
80002040   _MCBSP_open
80002140   __strasg
80002220   _DSK6713_AIC23_setFreq
800022e0   _MCBSP_config
80002420   _c_int00
800024a0   _IRQ_reset
800024e0   _IRQ_enable
80002520   __args_main
80002560   _MCBSP_getXmtEventId
80002580   _MCBSP_write
800025a0   C$$EXIT
800025a0   _abort
800025c0   __nop
800025e0   __IRQ_hookFetchPacket
80002600   _IRQ_globalEnable
80002620   _MCBSP_xrdy
80002640   _IRQ_nmiEnable
80002660   _IRQ_globalDisable
80002680   _MCBSP_read
800026a0   _MCBSP_rrdy
800026c0   __stack
800026c0   etext
800026c0   ___etext__
800036c0   _fs
800036c4   _inputsource
800036c8   _s
800036f4   _m3
8000370c   _m2
80003724   _m1
8000373c   _m5
80003754   _m6
8000376c   _level
80003770   _i
80003774   _j
80003778   _k
8000377c   _output
800038ac   __IRQ_eventTable
80003930   __IRQ_intTable
80003970   __IRQ_dispatchTable
800039fc   __cleanup_ptr
80003a00   __dtors_ptr
80003a04   _AIC_data
80003a10   _AIC23CfgData
80003a30   _config
80003a58   _hAIC23_handle
80003a8c   __MCBSP_hDev0
80003a90   __MCBSP_hDev1
80003adc   _DSK6713_AIC23_codeccontrolhandle
80003ae0   _DSK6713_AIC23_codecdatahandle
80003ae4   __lock
80003ae8   __unlock
80003aec   _DSK6713_version
80003af0   ___cinit__
80003af0   cinit
ffffe7f7   _RTDX_interrupt_mask
ffffffff   ___c_args__
ffffffff   pinit
UNDEFED __vectors
UNDEFED _auto_init
ffffffff   ___binit__
ffffffff   binit
ffffffff   ___pinit__

[101 symbols]
