******************************************************************************
          TMS320C6x COFF Linker PC v5.1.0                      
******************************************************************************
>> Linked Sat Mar 18 01:22:21 2017

OUTPUT FILE NAME:   <./Debug/psk.out>
ENTRY POINT SYMBOL: "_c_int00"  address: 800021e0


MEMORY CONFIGURATION

                  name            origin    length      used    attr    fill
         ----------------------  --------  ---------  --------  ----  --------
         VECS                    00000000   00000200  00000000  RWIX
         PMEM                    00000200   0000fe00  00000000  RWIX
         BMEM                    80000000   01000000  00003bd6  RWIX


SECTION ALLOCATION MAP

 output                                  attributes/
section   page    origin      length       input sections
--------  ----  ----------  ----------   ----------------
.rtdx_text 
*          0    80000000    00000000     UNINITIALIZED

.bss       0    80000000    00000000     UNINITIALIZED

.cio       0    80000000    00000000     UNINITIALIZED

.data      0    80000000    00000000     UNINITIALIZED

.rtdx_data 
*          0    80000000    00000000     UNINITIALIZED

.switch    0    80000000    00000000     UNINITIALIZED

.sysmem    0    80000000    00000000     UNINITIALIZED

.text      0    80000000    00002480     
                  80000000    000008a0     c6713dskinit.obj (.text)
                  800008a0    00000480     dsk6713bsl.lib : dsk6713.obj (.text)
                  80000d20    00000340     psk.obj (.text)
                  80001060    00000320     dsk6713bsl.lib : dsk6713_aic23_opencodec.obj (.text)
                  80001380    00000240     rts6700.lib : memcpy62.obj (.text:_memcpy)
                  800015c0    000001c0     csl6713.lib : csl_irq.obj (.text:_IRQ_map)
                  80001780    000001a0                 : csl_mcbsp.obj (.text:_MCBSP_reset)
                  80001920    00000160     dsk6713bsl.lib : dsk6713_aic23_registers.obj (.text)
                  80001a80    00000140     rts6700.lib : exit.obj (.text:_exit)
                  80001bc0    00000140                 : autoinit.obj (.text:__auto_init)
                  80001d00    00000100     csl6713.lib : csl_mcbsp.obj (.text:_MCBSP_start)
                  80001e00    00000100                 : csl_mcbsp.obj (.text:_MCBSP_open)
                  80001f00    000000e0     rts6700.lib : strasg.obj (.text:__strasg)
                  80001fe0    000000c0     dsk6713bsl.lib : dsk6713_aic23_setfreq.obj (.text)
                  800020a0    000000a0     csl6713.lib : csl_mcbsp.obj (.text:_MCBSP_config)
                  80002140    000000a0                 : csl_irq.obj (.text:_setMux)
                  800021e0    00000080     rts6700.lib : boot.obj (.text:_c_int00)
                  80002260    00000040     csl6713.lib : csl_irq.obj (.text:_IRQ_reset)
                  800022a0    00000040                 : csl_irq.obj (.text:_IRQ_enable)
                  800022e0    00000040     rts6700.lib : args_main.obj (.text:__args_main)
                  80002320    00000020     csl6713.lib : csl_mcbsp.obj (.text:_MCBSP_getXmtEventId)
                  80002340    00000020                 : csl_mcbsp.obj (.text:_MCBSP_write)
                  80002360    00000020     rts6700.lib : exit.obj (.text:_abort)
                  80002380    00000020                 : _lock.obj (.text:__nop)
                  800023a0    00000020     csl6713.lib : csl_irq.obj (.text)
                  800023c0    00000020                 : csl_irq.obj (.text:_IRQ_globalEnable)
                  800023e0    00000020                 : csl_mcbsp.obj (.text:_MCBSP_xrdy)
                  80002400    00000020                 : csl_irq.obj (.text:_IRQ_nmiEnable)
                  80002420    00000020                 : csl_irq.obj (.text:_IRQ_globalDisable)
                  80002440    00000020                 : csl_mcbsp.obj (.text:_MCBSP_read)
                  80002460    00000020                 : csl_mcbsp.obj (.text:_MCBSP_rrdy)

.stack     0    80002480    00001000     UNINITIALIZED
                  80002480    00000008     rts6700.lib : boot.obj (.stack)

.far       0    80003480    000003d2     UNINITIALIZED
                  80003480    00000168     psk.obj (.far)
                  800035e8    000000f4     csl6713.lib : csl_irq.obj (.far)
                  800036dc    0000008c     rts6700.lib : exit.obj (.far)
                  80003768    00000058     c6713dskinit.obj (.far)
                  800037c0    00000038     csl6713.lib : csl_mcbsp.obj (.far)
                  800037f8    00000028     dsk6713bsl.lib : dsk6713_aic23_registers.obj (.far)
                  80003820    00000020                    : dsk6713_aic23_setfreq.obj (.far)
                  80003840    00000008                    : dsk6713_aic23_opencodec.obj (.far)
                  80003848    00000008     rts6700.lib : _lock.obj (.far)
                  80003850    00000002     dsk6713bsl.lib : dsk6713.obj (.far)

.cinit     0    80003858    00000324     
                  80003858    0000012c     csl6713.lib : csl_irq.obj (.cinit)
                  80003984    00000004     --HOLE-- [fill = 0]
                  80003988    00000098     psk.obj (.cinit)
                  80003a20    00000058     c6713dskinit.obj (.cinit)
                  80003a78    00000054     csl6713.lib : csl_mcbsp.obj (.cinit)
                  80003acc    00000004     --HOLE-- [fill = 0]
                  80003ad0    00000030     dsk6713bsl.lib : dsk6713_aic23_registers.obj (.cinit)
                  80003b00    0000002c     rts6700.lib : exit.obj (.cinit)
                  80003b2c    00000004     --HOLE-- [fill = 0]
                  80003b30    00000028     dsk6713bsl.lib : dsk6713_aic23_setfreq.obj (.cinit)
                  80003b58    0000001c     rts6700.lib : _lock.obj (.cinit)
                  80003b74    00000008     --HOLE-- [fill = 0]

.const     0    80003b7c    00000060     
                  80003b7c    00000040     dsk6713bsl.lib : dsk6713_aic23_opencodec.obj (.const)
                  80003bbc    00000020                    : dsk6713.obj (.const)

.intvecs   0    00000000    00000000     UNINITIALIZED

.pinit     0    00000200    00000000     UNINITIALIZED


GLOBAL SYMBOLS: SORTED ALPHABETICALLY BY Name 

address    name
--------   ----
80000000   $bss
80000000   .bss
80000000   .data
80000000   .text
80002360   C$$EXIT
80003774   _AIC23CfgData
80003768   _AIC_data
80003840   _DSK6713_AIC23_codeccontrolhandle
80003844   _DSK6713_AIC23_codecdatahandle
800019e0   _DSK6713_AIC23_config
80001060   _DSK6713_AIC23_openCodec
800019bc   _DSK6713_AIC23_rget
80001920   _DSK6713_AIC23_rset
80001fe0   _DSK6713_AIC23_setFreq
80000cb4   _DSK6713_getVersion
800008ec   _DSK6713_init
80000c08   _DSK6713_rget
80000c1c   _DSK6713_rset
80003850   _DSK6713_version
80000c30   _DSK6713_wait
80000c88   _DSK6713_waitusec
00000000   _HWI_Cache_Control
800022a0   _IRQ_enable
80002420   _IRQ_globalDisable
800023c0   _IRQ_globalEnable
800015c0   _IRQ_map
80002400   _IRQ_nmiEnable
80002260   _IRQ_reset
800020a0   _MCBSP_config
80002320   _MCBSP_getXmtEventId
80001e00   _MCBSP_open
80002440   _MCBSP_read
80001780   _MCBSP_reset
80002460   _MCBSP_rrdy
80001d00   _MCBSP_start
80002340   _MCBSP_write
800023e0   _MCBSP_xrdy
ffffe7f7   _RTDX_interrupt_mask
800036d4   __IRQ_dispatchTable
80003610   __IRQ_eventTable
800023a0   __IRQ_hookFetchPacket
80003694   __IRQ_intTable
800037f0   __MCBSP_hDev0
800037f4   __MCBSP_hDev1
00001000   __STACK_SIZE
ffffffff   ___binit__
80000000   ___bss__
ffffffff   ___c_args__
80003858   ___cinit__
80000000   ___data__
80000000   ___edata__
80000000   ___end__
80002480   ___etext__
ffffffff   ___pinit__
80000000   ___text__
800022e0   __args_main
80001bc0   __auto_init
80003760   __cleanup_ptr
80003764   __dtors_ptr
80003848   __lock
80002380   __nop
80002480   __stack
80001f00   __strasg
8000384c   __unlock
UNDEFED __vectors
80002360   _abort
UNDEFED _auto_init
80000000   _c6713_dsk_init
800021e0   _c_int00
80003488   _car1
800034a8   _car2
8000013c   _comm_intr
80000100   _comm_poll
80003794   _config
80001a80   _exit
80003480   _fs
800037bc   _hAIC23_handle
800034c8   _i
800006d8   _input_left_sample
800007b0   _input_right_sample
800005b4   _input_sample
80003484   _inputsource
800034cc   _j
800034d0   _k
800034d4   _l
80000d20   _main
80001380   _memcpy
800034d8   _msg
800034e8   _output
800003c4   _output_left_sample
800004bc   _output_right_sample
80000280   _output_sample
ffffffff   binit
80003858   cinit
80000000   edata
80000000   end
80002480   etext
ffffffff   pinit


GLOBAL SYMBOLS: SORTED BY Symbol Address 

address    name
--------   ----
00000000   _HWI_Cache_Control
00001000   __STACK_SIZE
80000000   ___bss__
80000000   edata
80000000   end
80000000   .bss
80000000   $bss
80000000   ___text__
80000000   _c6713_dsk_init
80000000   ___end__
80000000   ___data__
80000000   ___edata__
80000000   .text
80000000   .data
80000100   _comm_poll
8000013c   _comm_intr
80000280   _output_sample
800003c4   _output_left_sample
800004bc   _output_right_sample
800005b4   _input_sample
800006d8   _input_left_sample
800007b0   _input_right_sample
800008ec   _DSK6713_init
80000c08   _DSK6713_rget
80000c1c   _DSK6713_rset
80000c30   _DSK6713_wait
80000c88   _DSK6713_waitusec
80000cb4   _DSK6713_getVersion
80000d20   _main
80001060   _DSK6713_AIC23_openCodec
80001380   _memcpy
800015c0   _IRQ_map
80001780   _MCBSP_reset
80001920   _DSK6713_AIC23_rset
800019bc   _DSK6713_AIC23_rget
800019e0   _DSK6713_AIC23_config
80001a80   _exit
80001bc0   __auto_init
80001d00   _MCBSP_start
80001e00   _MCBSP_open
80001f00   __strasg
80001fe0   _DSK6713_AIC23_setFreq
800020a0   _MCBSP_config
800021e0   _c_int00
80002260   _IRQ_reset
800022a0   _IRQ_enable
800022e0   __args_main
80002320   _MCBSP_getXmtEventId
80002340   _MCBSP_write
80002360   C$$EXIT
80002360   _abort
80002380   __nop
800023a0   __IRQ_hookFetchPacket
800023c0   _IRQ_globalEnable
800023e0   _MCBSP_xrdy
80002400   _IRQ_nmiEnable
80002420   _IRQ_globalDisable
80002440   _MCBSP_read
80002460   _MCBSP_rrdy
80002480   etext
80002480   __stack
80002480   ___etext__
80003480   _fs
80003484   _inputsource
80003488   _car1
800034a8   _car2
800034c8   _i
800034cc   _j
800034d0   _k
800034d4   _l
800034d8   _msg
800034e8   _output
80003610   __IRQ_eventTable
80003694   __IRQ_intTable
800036d4   __IRQ_dispatchTable
80003760   __cleanup_ptr
80003764   __dtors_ptr
80003768   _AIC_data
80003774   _AIC23CfgData
80003794   _config
800037bc   _hAIC23_handle
800037f0   __MCBSP_hDev0
800037f4   __MCBSP_hDev1
80003840   _DSK6713_AIC23_codeccontrolhandle
80003844   _DSK6713_AIC23_codecdatahandle
80003848   __lock
8000384c   __unlock
80003850   _DSK6713_version
80003858   cinit
80003858   ___cinit__
ffffe7f7   _RTDX_interrupt_mask
ffffffff   ___c_args__
ffffffff   ___binit__
ffffffff   pinit
ffffffff   ___pinit__
UNDEFED __vectors
UNDEFED _auto_init
ffffffff   binit

[98 symbols]
